Initializing...
Loading settings...
Checking RPC connectivity...
Compiling workflow...
✓ Workflow compiled
✓ Simulation limits enabled
  HTTP: req=120kb resp=250kb timeout=10s | ConfHTTP: req=125kb resp=500kb timeout=1m30s | Consensus obs=25kb | ChainWrite evm_report=50kb evm_gas=10000000 solana_report=265b solana_cu=300000 | WASM binary=100mb compressed=20mb
  Binary hash: e7160f966fda2276cd8bcd29987feaa3f608684bac2e41295fc07aba4d8a3ea5
  Config hash: ddae0d35d8abd8e0dc54b9579da0f078b2fec9e0c5d2806da9b69492dd6dcf12
! Secret "GATEWAY_TOKEN" uses itself as the env var name — this is fragile and may cause confusion. Consider using a distinct env var name (e.g. "CRE_GATEWAY_TOKEN").
Fetching transaction receipt for 0xb7b25adea59669f37e44789c6d54d930ebff16b21bf5acabebb73604f32446cd...
2026-10-07T19:41:05Z [SIMULATION] Simulator Initialized
2026-10-07T19:41:05Z [SIMULATION] Running trigger trigger=evm:ChainSelector:2183018362218727504@1.0.0
2026-10-07T19:41:05Z [USER LOG] lease 9: 1h requested by 0xFA035AE767Da4ADe75F1d5f5722B4a650c0bFc0A from 0xFA035AE767Da4ADe75F1d5f5722B4a650c0bFc0A
2026-10-07T19:41:10Z [USER LOG] lease 9: provisioned → tx 0x284b260ff9ca422f7d4dd0d4b8f7afe4c70e9a4b27eac56f55938aa9f5b886c3
✓ Workflow Simulation Result:
"provisioned:0x284b260ff9ca422f7d4dd0d4b8f7afe4c70e9a4b27eac56f55938aa9f5b886c3"
2026-10-07T19:41:10Z [SIMULATION] Execution finished signal received
2026-10-07T19:41:10Z [SIMULATION] Skipping WorkflowEngineV2
╭──────────────────────────────────────────────────────╮
│ Simulation complete! Ready to deploy your workflow?  │
│                                                      │
│ Run cre account access to request deployment access. │
╰──────────────────────────────────────────────────────╯
